==============================================================================
KALACHAKRA  ·  Experiment 16  ·  Rollout-horizon sweep on CTU-13
==============================================================================

      13 scenarios, 118 episodes
      horizons: 2, 4, 6, 9, 12, 18
      no AUC is reported - the label changes with the horizon, so
      AUCs from different arms are not measuring the same task

[1/3] Full leave-one-scenario-out at every horizon ...

        H  fold                                WM lead  GBDT lead
        2  1-Neris-20110810.binetflow             0.00      29.00
        2  2-Neris-20110811.binetflow             0.00       0.00
        2  3-Rbot-20110812.binetflow              0.00       0.00
        2  4-Rbot-20110815.binetflow              0.00       0.00
        2  5-Virut-20110815-2.binetflow           9.00       9.00
        2  7-Sogou-20110816-2.binetflow           1.00       1.00
        2  8-Murlo-20110816-3.binetflow           0.00       8.00
        2  9-Neris-20110817.binetflow             0.00       0.00
        2  10-Rbot-20110818.binetflow             0.00       0.00
        2  11-Rbot-20110818-2.binetflow           8.00       8.00
        2  12-NsisAy-20110819.binetflow           0.00      10.00
        2  13-Virut-20110815-3.binetflow          0.00       0.00
        4  1-Neris-20110810.binetflow             0.00      29.00
        4  2-Neris-20110811.binetflow             0.00       0.00
        4  3-Rbot-20110812.binetflow              0.00       0.00
        4  4-Rbot-20110815.binetflow              0.00       0.00
        4  5-Virut-20110815-2.binetflow           9.00       9.00
        4  7-Sogou-20110816-2.binetflow           1.00       1.00
        4  8-Murlo-20110816-3.binetflow           0.00       8.00
        4  9-Neris-20110817.binetflow             0.00       0.00
        4  10-Rbot-20110818.binetflow             0.00       0.00
        4  11-Rbot-20110818-2.binetflow           8.00       8.00
        4  12-NsisAy-20110819.binetflow           0.00       8.00
        4  13-Virut-20110815-3.binetflow          0.00       0.00
        6  1-Neris-20110810.binetflow             0.00      30.00
        6  2-Neris-20110811.binetflow             0.00       0.00
        6  3-Rbot-20110812.binetflow              0.00       0.00
        6  4-Rbot-20110815.binetflow              1.00       0.00
        6  5-Virut-20110815-2.binetflow           9.00       9.00
        6  7-Sogou-20110816-2.binetflow           1.00       1.00
        6  8-Murlo-20110816-3.binetflow           0.00       9.00
        6  9-Neris-20110817.binetflow             0.00       0.00
        6  10-Rbot-20110818.binetflow             0.00       0.00
        6  11-Rbot-20110818-2.binetflow           8.00       8.00
        6  12-NsisAy-20110819.binetflow           0.00       9.00
        6  13-Virut-20110815-3.binetflow          0.00       0.00
        9  1-Neris-20110810.binetflow             0.00      30.00
        9  2-Neris-20110811.binetflow             0.00       0.00
        9  3-Rbot-20110812.binetflow              0.00       0.00
        9  4-Rbot-20110815.binetflow              1.00       0.00
        9  5-Virut-20110815-2.binetflow           9.00       9.00
        9  7-Sogou-20110816-2.binetflow           1.00       1.00
        9  8-Murlo-20110816-3.binetflow           0.00      10.00
        9  9-Neris-20110817.binetflow             0.00       0.00
        9  10-Rbot-20110818.binetflow             0.00       0.00
        9  11-Rbot-20110818-2.binetflow           8.00       8.00
        9  12-NsisAy-20110819.binetflow          30.00       9.00
        9  13-Virut-20110815-3.binetflow          0.00       0.00
       12  1-Neris-20110810.binetflow             0.00      30.00
       12  2-Neris-20110811.binetflow             0.00       0.00
       12  3-Rbot-20110812.binetflow              0.00       0.00
       12  4-Rbot-20110815.binetflow              1.00       0.00
       12  5-Virut-20110815-2.binetflow           9.00       9.00
       12  7-Sogou-20110816-2.binetflow           1.00       1.00
       12  8-Murlo-20110816-3.binetflow           0.00      10.00
       12  9-Neris-20110817.binetflow             0.00       0.00
       12  10-Rbot-20110818.binetflow             0.00       0.00
       12  11-Rbot-20110818-2.binetflow           8.00       8.00
       12  12-NsisAy-20110819.binetflow          30.00      10.00
       12  13-Virut-20110815-3.binetflow          0.00       0.00
       18  1-Neris-20110810.binetflow             0.00      30.00
       18  2-Neris-20110811.binetflow             0.00       0.00
       18  3-Rbot-20110812.binetflow              0.00       0.00
       18  4-Rbot-20110815.binetflow             17.00       0.00
       18  5-Virut-20110815-2.binetflow           9.00       9.00
       18  7-Sogou-20110816-2.binetflow           1.00       1.00
       18  8-Murlo-20110816-3.binetflow           0.00      10.00
       18  9-Neris-20110817.binetflow             0.00       0.00
       18  10-Rbot-20110818.binetflow             0.00       0.00
       18  11-Rbot-20110818-2.binetflow           8.00       8.00
       18  12-NsisAy-20110819.binetflow          30.00      10.00
       18  13-Virut-20110815-3.binetflow          0.00       0.00

[2/3] Pooled result at each horizon

        H |  WM caught    lead    FPR |  GBDT caught    lead    FPR
        2 |      4/12     8.92  0.069 |        5/12     5.58  0.098
        4 |      4/12     8.92  0.059 |        7/12     7.25  0.098
        6 |      4/12     8.92  0.059 |        7/12     8.08  0.088
        9 |      3/12     6.42  0.049 |        9/12    10.58  0.098
       12 |      5/12     7.17  0.088 |        9/12    10.67  0.088
       18 |      3/12     6.42  0.098 |        9/12    10.75  0.098

      control: GBDT at H=6 reproduces experiment 14 (7/12 caught, lead 8.08) -> PASS

      oracle horizon  WM 12 -> 5/12 caught, lead 7.17
      oracle horizon  GBDT 18 -> 9/12 caught, lead 10.75
      (both are upper bounds - the horizon was picked knowing the
       test results, which nothing deployable can do)

[3/3] Nested selection - horizon chosen on inner captures only

      held-out (test)                    val caps  chosen H  val lead
      1-Neris-20110810.binetflow                3         2      5.67
      2-Neris-20110811.binetflow                3         2      5.67
      3-Rbot-20110812.binetflow                 5         2      3.40
      4-Rbot-20110815.binetflow                 4         2      0.00
      5-Virut-20110815-2.binetflow              3         2      0.00
      7-Sogou-20110816-2.binetflow              3         9     20.00
      8-Murlo-20110816-3.binetflow              3         2      0.00
      9-Neris-20110817.binetflow                3         6     20.00
      10-Rbot-20110818.binetflow                3         2     10.00
      11-Rbot-20110818-2.binetflow              3         2     10.00
      12-NsisAy-20110819.binetflow              3         2      0.00
      13-Virut-20110815-3.binetflow             3         2      0.00

      nested (honest):    caught 5/12  mean lead 9.00  FPR 0.069
      oracle WM (upper):  caught 5/12  mean lead 7.17  H=12
      untuned (exp 14):   caught 1/12  mean lead 2.50  H=6
      exp 15 tuning:      caught 1/12  mean lead 2.25  H=6
      GBDT   (exp 14):    caught 7/12  mean lead 8.08  H=6

      horizon chosen per fold:
        H=2   10 / 12 folds
        H=9    1 / 12 folds
        H=6    1 / 12 folds

==============================================================================
PRE-REGISTERED PREDICTIONS
==============================================================================
  H1  FAILS   H=6 reproduces 4/12 (exp 14: 1/12)
  H2  FAILS   lead-vs-horizon correlation r = -0.842
  H3  HOLDS   oracle WM 5 (H=12) vs oracle GBDT 9 (H=18)
  H4  FAILS   nested caught 5/12 vs untuned 1/12
  H5  FAILS   most-common per-fold best horizon won 7 of 9 folds

  wrote results/exp16_verdicts.json
  total 1419s
